// Jest Snapshot v1, https://goo.gl/fbAQLP

exports[`Avatar  should match snapshot 1`] = `
<span
  class="inline-flex h-12 w-12 select-none items-center justify-center overflow-hidden rounded-full align-middle"
  data-testid="avatarTestId"
/>
`;
