// Jest Snapshot v1, https://goo.gl/fbAQLP

exports[`CardSimple  should contain text content 1`] = `
<div
  class="test-classname flex flex-col items-center"
  data-testid="cardSubscriptionTestId"
>
  <div
    class="flex flex-col p-8 bg-white hover:bg-slate3 active:bg-slate4 outline outline-slate7 outline-[1px] focus:outline-slate8 focus:ring-2 focus:ring-blue8 rounded-2xl justify-between h-[32rem] hover:shadow-lg hover:shadow-purple6"
  >
    <div
      class="description flex flex-col justify-center"
    >
      <h2
        class="text-2xl font-semibold w-fit "
      >
        Test Plan
      </h2>
      <h3
        class="mt-5"
      >
        Test Plan Description
      </h3>
      <h4
        class="text-2xl font-bold mt-6"
      >
        $1
      </h4>
      <div
        class="h-[1px] my-4"
        data-orientation="horizontal"
        role="separator"
      />
      <div
        class="flex flex-col mb-3 gap-y-1"
      >
        <div
          class="flex flex-row items-center"
        >
          <svg
            class="mr-1"
            fill="none"
            height="16"
            viewBox="0 0 15 15"
            width="16"
            xmlns="http://www.w3.org/2000/svg"
          >
            <path
              clip-rule="evenodd"
              d="M7.49991 0.877045C3.84222 0.877045 0.877075 3.84219 0.877075 7.49988C0.877075 11.1575 3.84222 14.1227 7.49991 14.1227C11.1576 14.1227 14.1227 11.1575 14.1227 7.49988C14.1227 3.84219 11.1576 0.877045 7.49991 0.877045ZM1.82708 7.49988C1.82708 4.36686 4.36689 1.82704 7.49991 1.82704C10.6329 1.82704 13.1727 4.36686 13.1727 7.49988C13.1727 10.6329 10.6329 13.1727 7.49991 13.1727C4.36689 13.1727 1.82708 10.6329 1.82708 7.49988ZM10.1589 5.53774C10.3178 5.31191 10.2636 5.00001 10.0378 4.84109C9.81194 4.68217 9.50004 4.73642 9.34112 4.96225L6.51977 8.97154L5.35681 7.78706C5.16334 7.59002 4.84677 7.58711 4.64973 7.78058C4.45268 7.97404 4.44978 8.29061 4.64325 8.48765L6.22658 10.1003C6.33054 10.2062 6.47617 10.2604 6.62407 10.2483C6.77197 10.2363 6.90686 10.1591 6.99226 10.0377L10.1589 5.53774Z"
              fill="currentColor"
              fill-rule="evenodd"
            />
          </svg>
          <span
            class="inline-block "
          >
            Feature One
          </span>
        </div>
        <div
          class="flex flex-row items-center"
        >
          <svg
            class="mr-1"
            fill="none"
            height="16"
            viewBox="0 0 15 15"
            width="16"
            xmlns="http://www.w3.org/2000/svg"
          >
            <path
              clip-rule="evenodd"
              d="M7.49991 0.877045C3.84222 0.877045 0.877075 3.84219 0.877075 7.49988C0.877075 11.1575 3.84222 14.1227 7.49991 14.1227C11.1576 14.1227 14.1227 11.1575 14.1227 7.49988C14.1227 3.84219 11.1576 0.877045 7.49991 0.877045ZM1.82708 7.49988C1.82708 4.36686 4.36689 1.82704 7.49991 1.82704C10.6329 1.82704 13.1727 4.36686 13.1727 7.49988C13.1727 10.6329 10.6329 13.1727 7.49991 13.1727C4.36689 13.1727 1.82708 10.6329 1.82708 7.49988ZM10.1589 5.53774C10.3178 5.31191 10.2636 5.00001 10.0378 4.84109C9.81194 4.68217 9.50004 4.73642 9.34112 4.96225L6.51977 8.97154L5.35681 7.78706C5.16334 7.59002 4.84677 7.58711 4.64973 7.78058C4.45268 7.97404 4.44978 8.29061 4.64325 8.48765L6.22658 10.1003C6.33054 10.2062 6.47617 10.2604 6.62407 10.2483C6.77197 10.2363 6.90686 10.1591 6.99226 10.0377L10.1589 5.53774Z"
              fill="currentColor"
              fill-rule="evenodd"
            />
          </svg>
          <span
            class="inline-block "
          >
            Feature Two
          </span>
        </div>
        <div
          class="flex flex-row items-center"
        >
          <svg
            class="mr-1"
            fill="none"
            height="16"
            viewBox="0 0 15 15"
            width="16"
            xmlns="http://www.w3.org/2000/svg"
          >
            <path
              clip-rule="evenodd"
              d="M7.49991 0.877045C3.84222 0.877045 0.877075 3.84219 0.877075 7.49988C0.877075 11.1575 3.84222 14.1227 7.49991 14.1227C11.1576 14.1227 14.1227 11.1575 14.1227 7.49988C14.1227 3.84219 11.1576 0.877045 7.49991 0.877045ZM1.82708 7.49988C1.82708 4.36686 4.36689 1.82704 7.49991 1.82704C10.6329 1.82704 13.1727 4.36686 13.1727 7.49988C13.1727 10.6329 10.6329 13.1727 7.49991 13.1727C4.36689 13.1727 1.82708 10.6329 1.82708 7.49988ZM10.1589 5.53774C10.3178 5.31191 10.2636 5.00001 10.0378 4.84109C9.81194 4.68217 9.50004 4.73642 9.34112 4.96225L6.51977 8.97154L5.35681 7.78706C5.16334 7.59002 4.84677 7.58711 4.64973 7.78058C4.45268 7.97404 4.44978 8.29061 4.64325 8.48765L6.22658 10.1003C6.33054 10.2062 6.47617 10.2604 6.62407 10.2483C6.77197 10.2363 6.90686 10.1591 6.99226 10.0377L10.1589 5.53774Z"
              fill="currentColor"
              fill-rule="evenodd"
            />
          </svg>
          <span
            class="inline-block "
          >
            Feature Three
          </span>
        </div>
      </div>
    </div>
    <div
      class="flex flex-col"
    >
      <form
        action="/api/checkout_sessions"
        class="mt-4"
        method="POST"
      >
        <input
          name="lookup_key"
          type="hidden"
          value="lookUpKey"
        />
        <input
          name="planId"
          type="hidden"
          value="idValue"
        />
        <button
          id="checkout-and-portal-button"
          type="submit"
        >
          <div
            class="focus:outline text-blue11 outline-blue9 outline outline-[1px] hover:text-white hover:shadow-sm hover:bg-blue11 active:bg-blue11 active:text-white  px-4 py-2 w-fit rounded-md"
          >
            Subscribe
          </div>
        </button>
      </form>
      <span
        class="text-sm mt-4"
      >
        Test Footnotes
      </span>
    </div>
  </div>
</div>
`;

exports[`CardSimple  should have stripe input values 1`] = `
<div
  class="test-classname flex flex-col items-center"
  data-testid="cardSubscriptionTestId"
>
  <div
    class="flex flex-col p-8 bg-white hover:bg-slate3 active:bg-slate4 outline outline-slate7 outline-[1px] focus:outline-slate8 focus:ring-2 focus:ring-blue8 rounded-2xl justify-between h-[32rem] hover:shadow-lg hover:shadow-purple6"
  >
    <div
      class="description flex flex-col justify-center"
    >
      <h2
        class="text-2xl font-semibold w-fit "
      >
        Test Plan
      </h2>
      <h3
        class="mt-5"
      >
        Test Plan Description
      </h3>
      <h4
        class="text-2xl font-bold mt-6"
      >
        $1
      </h4>
      <div
        class="h-[1px] my-4"
        data-orientation="horizontal"
        role="separator"
      />
      <div
        class="flex flex-col mb-3 gap-y-1"
      >
        <div
          class="flex flex-row items-center"
        >
          <svg
            class="mr-1"
            fill="none"
            height="16"
            viewBox="0 0 15 15"
            width="16"
            xmlns="http://www.w3.org/2000/svg"
          >
            <path
              clip-rule="evenodd"
              d="M7.49991 0.877045C3.84222 0.877045 0.877075 3.84219 0.877075 7.49988C0.877075 11.1575 3.84222 14.1227 7.49991 14.1227C11.1576 14.1227 14.1227 11.1575 14.1227 7.49988C14.1227 3.84219 11.1576 0.877045 7.49991 0.877045ZM1.82708 7.49988C1.82708 4.36686 4.36689 1.82704 7.49991 1.82704C10.6329 1.82704 13.1727 4.36686 13.1727 7.49988C13.1727 10.6329 10.6329 13.1727 7.49991 13.1727C4.36689 13.1727 1.82708 10.6329 1.82708 7.49988ZM10.1589 5.53774C10.3178 5.31191 10.2636 5.00001 10.0378 4.84109C9.81194 4.68217 9.50004 4.73642 9.34112 4.96225L6.51977 8.97154L5.35681 7.78706C5.16334 7.59002 4.84677 7.58711 4.64973 7.78058C4.45268 7.97404 4.44978 8.29061 4.64325 8.48765L6.22658 10.1003C6.33054 10.2062 6.47617 10.2604 6.62407 10.2483C6.77197 10.2363 6.90686 10.1591 6.99226 10.0377L10.1589 5.53774Z"
              fill="currentColor"
              fill-rule="evenodd"
            />
          </svg>
          <span
            class="inline-block "
          >
            Feature One
          </span>
        </div>
        <div
          class="flex flex-row items-center"
        >
          <svg
            class="mr-1"
            fill="none"
            height="16"
            viewBox="0 0 15 15"
            width="16"
            xmlns="http://www.w3.org/2000/svg"
          >
            <path
              clip-rule="evenodd"
              d="M7.49991 0.877045C3.84222 0.877045 0.877075 3.84219 0.877075 7.49988C0.877075 11.1575 3.84222 14.1227 7.49991 14.1227C11.1576 14.1227 14.1227 11.1575 14.1227 7.49988C14.1227 3.84219 11.1576 0.877045 7.49991 0.877045ZM1.82708 7.49988C1.82708 4.36686 4.36689 1.82704 7.49991 1.82704C10.6329 1.82704 13.1727 4.36686 13.1727 7.49988C13.1727 10.6329 10.6329 13.1727 7.49991 13.1727C4.36689 13.1727 1.82708 10.6329 1.82708 7.49988ZM10.1589 5.53774C10.3178 5.31191 10.2636 5.00001 10.0378 4.84109C9.81194 4.68217 9.50004 4.73642 9.34112 4.96225L6.51977 8.97154L5.35681 7.78706C5.16334 7.59002 4.84677 7.58711 4.64973 7.78058C4.45268 7.97404 4.44978 8.29061 4.64325 8.48765L6.22658 10.1003C6.33054 10.2062 6.47617 10.2604 6.62407 10.2483C6.77197 10.2363 6.90686 10.1591 6.99226 10.0377L10.1589 5.53774Z"
              fill="currentColor"
              fill-rule="evenodd"
            />
          </svg>
          <span
            class="inline-block "
          >
            Feature Two
          </span>
        </div>
        <div
          class="flex flex-row items-center"
        >
          <svg
            class="mr-1"
            fill="none"
            height="16"
            viewBox="0 0 15 15"
            width="16"
            xmlns="http://www.w3.org/2000/svg"
          >
            <path
              clip-rule="evenodd"
              d="M7.49991 0.877045C3.84222 0.877045 0.877075 3.84219 0.877075 7.49988C0.877075 11.1575 3.84222 14.1227 7.49991 14.1227C11.1576 14.1227 14.1227 11.1575 14.1227 7.49988C14.1227 3.84219 11.1576 0.877045 7.49991 0.877045ZM1.82708 7.49988C1.82708 4.36686 4.36689 1.82704 7.49991 1.82704C10.6329 1.82704 13.1727 4.36686 13.1727 7.49988C13.1727 10.6329 10.6329 13.1727 7.49991 13.1727C4.36689 13.1727 1.82708 10.6329 1.82708 7.49988ZM10.1589 5.53774C10.3178 5.31191 10.2636 5.00001 10.0378 4.84109C9.81194 4.68217 9.50004 4.73642 9.34112 4.96225L6.51977 8.97154L5.35681 7.78706C5.16334 7.59002 4.84677 7.58711 4.64973 7.78058C4.45268 7.97404 4.44978 8.29061 4.64325 8.48765L6.22658 10.1003C6.33054 10.2062 6.47617 10.2604 6.62407 10.2483C6.77197 10.2363 6.90686 10.1591 6.99226 10.0377L10.1589 5.53774Z"
              fill="currentColor"
              fill-rule="evenodd"
            />
          </svg>
          <span
            class="inline-block "
          >
            Feature Three
          </span>
        </div>
      </div>
    </div>
    <div
      class="flex flex-col"
    >
      <form
        action="/api/checkout_sessions"
        class="mt-4"
        method="POST"
      >
        <input
          name="lookup_key"
          type="hidden"
          value="lookUpKey"
        />
        <input
          name="planId"
          type="hidden"
          value="idValue"
        />
        <button
          id="checkout-and-portal-button"
          type="submit"
        >
          <div
            class="focus:outline text-blue11 outline-blue9 outline outline-[1px] hover:text-white hover:shadow-sm hover:bg-blue11 active:bg-blue11 active:text-white  px-4 py-2 w-fit rounded-md"
          >
            Subscribe
          </div>
        </button>
      </form>
      <span
        class="text-sm mt-4"
      >
        Test Footnotes
      </span>
    </div>
  </div>
</div>
`;

exports[`CardSimple  should match snapshot 1`] = `
<div
  class="test-classname flex flex-col items-center"
  data-testid="cardSubscriptionTestId"
>
  <div
    class="flex flex-col p-8 bg-white hover:bg-slate3 active:bg-slate4 outline outline-slate7 outline-[1px] focus:outline-slate8 focus:ring-2 focus:ring-blue8 rounded-2xl justify-between h-[32rem] hover:shadow-lg hover:shadow-purple6"
  >
    <div
      class="description flex flex-col justify-center"
    >
      <h2
        class="text-2xl font-semibold w-fit "
      >
        Test Plan
      </h2>
      <h3
        class="mt-5"
      >
        Test Plan Description
      </h3>
      <h4
        class="text-2xl font-bold mt-6"
      >
        $1
      </h4>
      <div
        class="h-[1px] my-4"
        data-orientation="horizontal"
        role="separator"
      />
      <div
        class="flex flex-col mb-3 gap-y-1"
      >
        <div
          class="flex flex-row items-center"
        >
          <svg
            class="mr-1"
            fill="none"
            height="16"
            viewBox="0 0 15 15"
            width="16"
            xmlns="http://www.w3.org/2000/svg"
          >
            <path
              clip-rule="evenodd"
              d="M7.49991 0.877045C3.84222 0.877045 0.877075 3.84219 0.877075 7.49988C0.877075 11.1575 3.84222 14.1227 7.49991 14.1227C11.1576 14.1227 14.1227 11.1575 14.1227 7.49988C14.1227 3.84219 11.1576 0.877045 7.49991 0.877045ZM1.82708 7.49988C1.82708 4.36686 4.36689 1.82704 7.49991 1.82704C10.6329 1.82704 13.1727 4.36686 13.1727 7.49988C13.1727 10.6329 10.6329 13.1727 7.49991 13.1727C4.36689 13.1727 1.82708 10.6329 1.82708 7.49988ZM10.1589 5.53774C10.3178 5.31191 10.2636 5.00001 10.0378 4.84109C9.81194 4.68217 9.50004 4.73642 9.34112 4.96225L6.51977 8.97154L5.35681 7.78706C5.16334 7.59002 4.84677 7.58711 4.64973 7.78058C4.45268 7.97404 4.44978 8.29061 4.64325 8.48765L6.22658 10.1003C6.33054 10.2062 6.47617 10.2604 6.62407 10.2483C6.77197 10.2363 6.90686 10.1591 6.99226 10.0377L10.1589 5.53774Z"
              fill="currentColor"
              fill-rule="evenodd"
            />
          </svg>
          <span
            class="inline-block "
          >
            Feature One
          </span>
        </div>
        <div
          class="flex flex-row items-center"
        >
          <svg
            class="mr-1"
            fill="none"
            height="16"
            viewBox="0 0 15 15"
            width="16"
            xmlns="http://www.w3.org/2000/svg"
          >
            <path
              clip-rule="evenodd"
              d="M7.49991 0.877045C3.84222 0.877045 0.877075 3.84219 0.877075 7.49988C0.877075 11.1575 3.84222 14.1227 7.49991 14.1227C11.1576 14.1227 14.1227 11.1575 14.1227 7.49988C14.1227 3.84219 11.1576 0.877045 7.49991 0.877045ZM1.82708 7.49988C1.82708 4.36686 4.36689 1.82704 7.49991 1.82704C10.6329 1.82704 13.1727 4.36686 13.1727 7.49988C13.1727 10.6329 10.6329 13.1727 7.49991 13.1727C4.36689 13.1727 1.82708 10.6329 1.82708 7.49988ZM10.1589 5.53774C10.3178 5.31191 10.2636 5.00001 10.0378 4.84109C9.81194 4.68217 9.50004 4.73642 9.34112 4.96225L6.51977 8.97154L5.35681 7.78706C5.16334 7.59002 4.84677 7.58711 4.64973 7.78058C4.45268 7.97404 4.44978 8.29061 4.64325 8.48765L6.22658 10.1003C6.33054 10.2062 6.47617 10.2604 6.62407 10.2483C6.77197 10.2363 6.90686 10.1591 6.99226 10.0377L10.1589 5.53774Z"
              fill="currentColor"
              fill-rule="evenodd"
            />
          </svg>
          <span
            class="inline-block "
          >
            Feature Two
          </span>
        </div>
        <div
          class="flex flex-row items-center"
        >
          <svg
            class="mr-1"
            fill="none"
            height="16"
            viewBox="0 0 15 15"
            width="16"
            xmlns="http://www.w3.org/2000/svg"
          >
            <path
              clip-rule="evenodd"
              d="M7.49991 0.877045C3.84222 0.877045 0.877075 3.84219 0.877075 7.49988C0.877075 11.1575 3.84222 14.1227 7.49991 14.1227C11.1576 14.1227 14.1227 11.1575 14.1227 7.49988C14.1227 3.84219 11.1576 0.877045 7.49991 0.877045ZM1.82708 7.49988C1.82708 4.36686 4.36689 1.82704 7.49991 1.82704C10.6329 1.82704 13.1727 4.36686 13.1727 7.49988C13.1727 10.6329 10.6329 13.1727 7.49991 13.1727C4.36689 13.1727 1.82708 10.6329 1.82708 7.49988ZM10.1589 5.53774C10.3178 5.31191 10.2636 5.00001 10.0378 4.84109C9.81194 4.68217 9.50004 4.73642 9.34112 4.96225L6.51977 8.97154L5.35681 7.78706C5.16334 7.59002 4.84677 7.58711 4.64973 7.78058C4.45268 7.97404 4.44978 8.29061 4.64325 8.48765L6.22658 10.1003C6.33054 10.2062 6.47617 10.2604 6.62407 10.2483C6.77197 10.2363 6.90686 10.1591 6.99226 10.0377L10.1589 5.53774Z"
              fill="currentColor"
              fill-rule="evenodd"
            />
          </svg>
          <span
            class="inline-block "
          >
            Feature Three
          </span>
        </div>
      </div>
    </div>
    <div
      class="flex flex-col"
    >
      <form
        action="/api/checkout_sessions"
        class="mt-4"
        method="POST"
      >
        <input
          name="lookup_key"
          type="hidden"
          value="lookUpKey"
        />
        <input
          name="planId"
          type="hidden"
          value="idValue"
        />
        <button
          id="checkout-and-portal-button"
          type="submit"
        >
          <div
            class="focus:outline text-blue11 outline-blue9 outline outline-[1px] hover:text-white hover:shadow-sm hover:bg-blue11 active:bg-blue11 active:text-white  px-4 py-2 w-fit rounded-md"
          >
            Subscribe
          </div>
        </button>
      </form>
      <span
        class="text-sm mt-4"
      >
        Test Footnotes
      </span>
    </div>
  </div>
</div>
`;

exports[`CardSimple  should pass in className 1`] = `
<div
  class="test-classname flex flex-col items-center"
  data-testid="cardSubscriptionTestId"
>
  <div
    class="flex flex-col p-8 bg-white hover:bg-slate3 active:bg-slate4 outline outline-slate7 outline-[1px] focus:outline-slate8 focus:ring-2 focus:ring-blue8 rounded-2xl justify-between h-[32rem] hover:shadow-lg hover:shadow-purple6"
  >
    <div
      class="description flex flex-col justify-center"
    >
      <h2
        class="text-2xl font-semibold w-fit "
      >
        Test Plan
      </h2>
      <h3
        class="mt-5"
      >
        Test Plan Description
      </h3>
      <h4
        class="text-2xl font-bold mt-6"
      >
        $1
      </h4>
      <div
        class="h-[1px] my-4"
        data-orientation="horizontal"
        role="separator"
      />
      <div
        class="flex flex-col mb-3 gap-y-1"
      >
        <div
          class="flex flex-row items-center"
        >
          <svg
            class="mr-1"
            fill="none"
            height="16"
            viewBox="0 0 15 15"
            width="16"
            xmlns="http://www.w3.org/2000/svg"
          >
            <path
              clip-rule="evenodd"
              d="M7.49991 0.877045C3.84222 0.877045 0.877075 3.84219 0.877075 7.49988C0.877075 11.1575 3.84222 14.1227 7.49991 14.1227C11.1576 14.1227 14.1227 11.1575 14.1227 7.49988C14.1227 3.84219 11.1576 0.877045 7.49991 0.877045ZM1.82708 7.49988C1.82708 4.36686 4.36689 1.82704 7.49991 1.82704C10.6329 1.82704 13.1727 4.36686 13.1727 7.49988C13.1727 10.6329 10.6329 13.1727 7.49991 13.1727C4.36689 13.1727 1.82708 10.6329 1.82708 7.49988ZM10.1589 5.53774C10.3178 5.31191 10.2636 5.00001 10.0378 4.84109C9.81194 4.68217 9.50004 4.73642 9.34112 4.96225L6.51977 8.97154L5.35681 7.78706C5.16334 7.59002 4.84677 7.58711 4.64973 7.78058C4.45268 7.97404 4.44978 8.29061 4.64325 8.48765L6.22658 10.1003C6.33054 10.2062 6.47617 10.2604 6.62407 10.2483C6.77197 10.2363 6.90686 10.1591 6.99226 10.0377L10.1589 5.53774Z"
              fill="currentColor"
              fill-rule="evenodd"
            />
          </svg>
          <span
            class="inline-block "
          >
            Feature One
          </span>
        </div>
        <div
          class="flex flex-row items-center"
        >
          <svg
            class="mr-1"
            fill="none"
            height="16"
            viewBox="0 0 15 15"
            width="16"
            xmlns="http://www.w3.org/2000/svg"
          >
            <path
              clip-rule="evenodd"
              d="M7.49991 0.877045C3.84222 0.877045 0.877075 3.84219 0.877075 7.49988C0.877075 11.1575 3.84222 14.1227 7.49991 14.1227C11.1576 14.1227 14.1227 11.1575 14.1227 7.49988C14.1227 3.84219 11.1576 0.877045 7.49991 0.877045ZM1.82708 7.49988C1.82708 4.36686 4.36689 1.82704 7.49991 1.82704C10.6329 1.82704 13.1727 4.36686 13.1727 7.49988C13.1727 10.6329 10.6329 13.1727 7.49991 13.1727C4.36689 13.1727 1.82708 10.6329 1.82708 7.49988ZM10.1589 5.53774C10.3178 5.31191 10.2636 5.00001 10.0378 4.84109C9.81194 4.68217 9.50004 4.73642 9.34112 4.96225L6.51977 8.97154L5.35681 7.78706C5.16334 7.59002 4.84677 7.58711 4.64973 7.78058C4.45268 7.97404 4.44978 8.29061 4.64325 8.48765L6.22658 10.1003C6.33054 10.2062 6.47617 10.2604 6.62407 10.2483C6.77197 10.2363 6.90686 10.1591 6.99226 10.0377L10.1589 5.53774Z"
              fill="currentColor"
              fill-rule="evenodd"
            />
          </svg>
          <span
            class="inline-block "
          >
            Feature Two
          </span>
        </div>
        <div
          class="flex flex-row items-center"
        >
          <svg
            class="mr-1"
            fill="none"
            height="16"
            viewBox="0 0 15 15"
            width="16"
            xmlns="http://www.w3.org/2000/svg"
          >
            <path
              clip-rule="evenodd"
              d="M7.49991 0.877045C3.84222 0.877045 0.877075 3.84219 0.877075 7.49988C0.877075 11.1575 3.84222 14.1227 7.49991 14.1227C11.1576 14.1227 14.1227 11.1575 14.1227 7.49988C14.1227 3.84219 11.1576 0.877045 7.49991 0.877045ZM1.82708 7.49988C1.82708 4.36686 4.36689 1.82704 7.49991 1.82704C10.6329 1.82704 13.1727 4.36686 13.1727 7.49988C13.1727 10.6329 10.6329 13.1727 7.49991 13.1727C4.36689 13.1727 1.82708 10.6329 1.82708 7.49988ZM10.1589 5.53774C10.3178 5.31191 10.2636 5.00001 10.0378 4.84109C9.81194 4.68217 9.50004 4.73642 9.34112 4.96225L6.51977 8.97154L5.35681 7.78706C5.16334 7.59002 4.84677 7.58711 4.64973 7.78058C4.45268 7.97404 4.44978 8.29061 4.64325 8.48765L6.22658 10.1003C6.33054 10.2062 6.47617 10.2604 6.62407 10.2483C6.77197 10.2363 6.90686 10.1591 6.99226 10.0377L10.1589 5.53774Z"
              fill="currentColor"
              fill-rule="evenodd"
            />
          </svg>
          <span
            class="inline-block "
          >
            Feature Three
          </span>
        </div>
      </div>
    </div>
    <div
      class="flex flex-col"
    >
      <form
        action="/api/checkout_sessions"
        class="mt-4"
        method="POST"
      >
        <input
          name="lookup_key"
          type="hidden"
          value="lookUpKey"
        />
        <input
          name="planId"
          type="hidden"
          value="idValue"
        />
        <button
          id="checkout-and-portal-button"
          type="submit"
        >
          <div
            class="focus:outline text-blue11 outline-blue9 outline outline-[1px] hover:text-white hover:shadow-sm hover:bg-blue11 active:bg-blue11 active:text-white  px-4 py-2 w-fit rounded-md"
          >
            Subscribe
          </div>
        </button>
      </form>
      <span
        class="text-sm mt-4"
      >
        Test Footnotes
      </span>
    </div>
  </div>
</div>
`;
